<div class="card card-table"><div class="card-body p-0"><div class="table-responsive"><table class="table table-striped table-hover mb-0"><thead><tr><th>Column 1</th><th>Column 2</th><th>Column 3</th></tr></thead><tbody><tr><td>abc</td><td>def</td><td>ghi</td></tr><tr><td>jkl</td><td>mno</td><td>pqr</td></tr></tbody></table></div></div></div>
